[2025-10-03T06:16:27.170+0000] {manager.py:470} INFO - Processing files using up to 2 processes at a time 
[2025-10-03T06:16:27.171+0000] {manager.py:471} INFO - Process each file at most once every 30 seconds
[2025-10-03T06:16:27.172+0000] {manager.py:472} INFO - Checking for new files in /opt/airflow/dags every 300 seconds
[2025-10-03T06:16:27.172+0000] {manager.py:737} INFO - Searching for files in /opt/airflow/dags
[2025-10-03T06:16:27.175+0000] {manager.py:740} INFO - There are 0 files in /opt/airflow/dags
[2025-10-03T06:21:27.271+0000] {manager.py:737} INFO - Searching for files in /opt/airflow/dags
[2025-10-03T06:21:27.278+0000] {manager.py:740} INFO - There are 0 files in /opt/airflow/dags
[2025-10-03T06:26:28.250+0000] {manager.py:737} INFO - Searching for files in /opt/airflow/dags
[2025-10-03T06:26:28.257+0000] {manager.py:740} INFO - There are 0 files in /opt/airflow/dags
[2025-10-03T06:27:55.149+0000] {manager.py:452} INFO - Exiting gracefully upon receiving signal 15
[2025-10-03T06:29:21.513+0000] {manager.py:470} INFO - Processing files using up to 2 processes at a time 
[2025-10-03T06:29:21.514+0000] {manager.py:471} INFO - Process each file at most once every 30 seconds
[2025-10-03T06:29:21.514+0000] {manager.py:472} INFO - Checking for new files in /opt/airflow/dags every 300 seconds
[2025-10-03T06:29:21.515+0000] {manager.py:737} INFO - Searching for files in /opt/airflow/dags
[2025-10-03T06:29:21.517+0000] {manager.py:740} INFO - There are 0 files in /opt/airflow/dags
[2025-10-03T06:32:13.743+0000] {manager.py:452} INFO - Exiting gracefully upon receiving signal 15
[2025-10-03T06:34:03.074+0000] {manager.py:470} INFO - Processing files using up to 2 processes at a time 
[2025-10-03T06:34:03.074+0000] {manager.py:471} INFO - Process each file at most once every 30 seconds
[2025-10-03T06:34:03.075+0000] {manager.py:472} INFO - Checking for new files in /opt/airflow/dags every 300 seconds
[2025-10-03T06:34:03.076+0000] {manager.py:737} INFO - Searching for files in /opt/airflow/dags
[2025-10-03T06:34:03.078+0000] {manager.py:740} INFO - There are 0 files in /opt/airflow/dags
[2025-10-03T06:37:56.438+0000] {manager.py:452} INFO - Exiting gracefully upon receiving signal 15
[2025-10-03T06:38:40.443+0000] {manager.py:470} INFO - Processing files using up to 2 processes at a time 
[2025-10-03T06:38:40.443+0000] {manager.py:471} INFO - Process each file at most once every 30 seconds
[2025-10-03T06:38:40.444+0000] {manager.py:472} INFO - Checking for new files in /opt/airflow/dags every 300 seconds
[2025-10-03T06:38:40.444+0000] {manager.py:737} INFO - Searching for files in /opt/airflow/dags
[2025-10-03T06:38:40.447+0000] {manager.py:740} INFO - There are 0 files in /opt/airflow/dags
[2025-10-03T06:40:13.360+0000] {manager.py:452} INFO - Exiting gracefully upon receiving signal 15
[2025-10-03T06:41:05.531+0000] {manager.py:470} INFO - Processing files using up to 2 processes at a time 
[2025-10-03T06:41:05.531+0000] {manager.py:471} INFO - Process each file at most once every 30 seconds
[2025-10-03T06:41:05.532+0000] {manager.py:472} INFO - Checking for new files in /opt/airflow/dags every 300 seconds
[2025-10-03T06:41:05.533+0000] {manager.py:737} INFO - Searching for files in /opt/airflow/dags
[2025-10-03T06:41:05.535+0000] {manager.py:740} INFO - There are 0 files in /opt/airflow/dags
[2025-10-03T06:46:05.546+0000] {manager.py:737} INFO - Searching for files in /opt/airflow/dags
[2025-10-03T06:46:05.549+0000] {manager.py:740} INFO - There are 0 files in /opt/airflow/dags
[2025-10-03T06:51:06.150+0000] {manager.py:737} INFO - Searching for files in /opt/airflow/dags
[2025-10-03T06:51:06.160+0000] {manager.py:740} INFO - There are 0 files in /opt/airflow/dags
[2025-10-03T06:56:06.275+0000] {manager.py:737} INFO - Searching for files in /opt/airflow/dags
[2025-10-03T06:56:06.280+0000] {manager.py:740} INFO - There are 0 files in /opt/airflow/dags
[2025-10-03T07:01:06.719+0000] {manager.py:737} INFO - Searching for files in /opt/airflow/dags
[2025-10-03T07:01:06.725+0000] {manager.py:740} INFO - There are 0 files in /opt/airflow/dags
[2025-10-03T07:06:06.724+0000] {manager.py:737} INFO - Searching for files in /opt/airflow/dags
[2025-10-03T07:06:06.728+0000] {manager.py:740} INFO - There are 0 files in /opt/airflow/dags
[2025-10-03T07:11:06.944+0000] {manager.py:737} INFO - Searching for files in /opt/airflow/dags
[2025-10-03T07:11:06.954+0000] {manager.py:740} INFO - There are 0 files in /opt/airflow/dags
[2025-10-03T07:16:07.203+0000] {manager.py:737} INFO - Searching for files in /opt/airflow/dags
[2025-10-03T07:16:07.205+0000] {manager.py:740} INFO - There are 0 files in /opt/airflow/dags
[2025-10-03T07:21:07.574+0000] {manager.py:737} INFO - Searching for files in /opt/airflow/dags
[2025-10-03T07:21:07.581+0000] {manager.py:740} INFO - There are 0 files in /opt/airflow/dags
[2025-10-03T07:26:07.954+0000] {manager.py:737} INFO - Searching for files in /opt/airflow/dags
[2025-10-03T07:26:07.965+0000] {manager.py:740} INFO - There are 0 files in /opt/airflow/dags
[2025-10-03T07:31:08.100+0000] {manager.py:737} INFO - Searching for files in /opt/airflow/dags
[2025-10-03T07:31:08.109+0000] {manager.py:740} INFO - There are 0 files in /opt/airflow/dags
[2025-10-03T07:36:08.311+0000] {manager.py:737} INFO - Searching for files in /opt/airflow/dags
[2025-10-03T07:36:08.314+0000] {manager.py:740} INFO - There are 0 files in /opt/airflow/dags
[2025-10-03T07:41:08.876+0000] {manager.py:737} INFO - Searching for files in /opt/airflow/dags
[2025-10-03T07:41:08.882+0000] {manager.py:740} INFO - There are 0 files in /opt/airflow/dags
[2025-10-03T07:45:14.678+0000] {manager.py:452} INFO - Exiting gracefully upon receiving signal 15
[2025-10-03T07:46:59.462+0000] {manager.py:470} INFO - Processing files using up to 2 processes at a time 
[2025-10-03T07:46:59.463+0000] {manager.py:471} INFO - Process each file at most once every 30 seconds
[2025-10-03T07:46:59.463+0000] {manager.py:472} INFO - Checking for new files in /opt/airflow/dags every 300 seconds
[2025-10-03T07:46:59.464+0000] {manager.py:737} INFO - Searching for files in /opt/airflow/dags
[2025-10-03T07:46:59.467+0000] {manager.py:740} INFO - There are 0 files in /opt/airflow/dags
[2025-10-03T07:52:00.180+0000] {manager.py:737} INFO - Searching for files in /opt/airflow/dags
[2025-10-03T07:52:00.189+0000] {manager.py:740} INFO - There are 0 files in /opt/airflow/dags
[2025-10-03T07:54:28.148+0000] {manager.py:452} INFO - Exiting gracefully upon receiving signal 15
